# Bench.dll, 3 runs in one process (BenchHost) on Debian under QEMU TCG (-cpu qemu64,+nx, 1 CPU, 2048 MiB), 2026-09-14
# runtime 10.0.12, kernel 6.12.107+deb13-amd64; median of warm runs out of 3. Written by run_linux_ref.ps1.
[perf] bench.clock.reads=40000
[perf] bench.clock.stopwatch.backsteps=0
[perf] bench.clock.stopwatch.max_backstep_us=0
[perf] bench.clock.utcnow.backsteps=0
[perf] bench.clock.frequency_hz=1000000000
[perf] bench.clock.self_timed_ms=3
[perf] bench.alloc.short.us=24295
[perf] bench.alloc.short.ops=300000
[perf] bench.alloc.short.ns_per_op=80
[perf] bench.alloc.short.gc0=0
[perf] bench.alloc.short.gc1=0
[perf] bench.alloc.short.gc2=0
[perf] bench.alloc.retained.us=25118
[perf] bench.alloc.retained.ops=100000
[perf] bench.alloc.retained.ns_per_op=251
[perf] bench.alloc.retained.gc0=0
[perf] bench.alloc.retained.gc1=0
[perf] bench.alloc.retained.gc2=0
[perf] bench.strings.us=43473
[perf] bench.strings.ops=50000
[perf] bench.strings.ns_per_op=869
[perf] bench.strings.gc0=0
[perf] bench.strings.gc1=0
[perf] bench.strings.gc2=0
[perf] bench.collections.us=25948
[perf] bench.collections.ops=150000
[perf] bench.collections.ns_per_op=172
[perf] bench.collections.gc0=1
[perf] bench.collections.gc1=1
[perf] bench.collections.gc2=1
[perf] bench.exceptions.us=9444
[perf] bench.exceptions.ops=300
[perf] bench.exceptions.ns_per_op=31482
[perf] bench.exceptions.gc0=0
[perf] bench.exceptions.gc1=0
[perf] bench.exceptions.gc2=0
[perf] bench.jit.us=45678
[perf] bench.jit.ops=100
[perf] bench.jit.ns_per_op=456776
[perf] bench.jit.gc0=0
[perf] bench.jit.gc1=0
[perf] bench.jit.gc2=0
[perf] bench.tasks.us=4284
[perf] bench.tasks.ops=500
[perf] bench.tasks.ns_per_op=8568
[perf] bench.tasks.gc0=0
[perf] bench.tasks.gc1=0
[perf] bench.tasks.gc2=0
[perf] bench.output.us=46848
[perf] bench.output.ops=200
[perf] bench.output.ns_per_op=234242
[perf] bench.output.gc0=0
[perf] bench.output.gc1=0
[perf] bench.output.gc2=0
